// Jest Snapshot v1, https://goo.gl/fbAQLP

exports[`App has a valid sanpshot 1`] = `
<div
  className="page"
>
  <div
    className="interactions"
  >
    <form
      onSubmit={[Function]}
    >
      <input
        onChange={[Function]}
        type="text"
        value="redux"
      />
      <button
        type="submit"
      >
        Search
      </button>
    </form>
  </div>
  <div
    className="table"
  >
    <div
      className="table-header"
    >
      <span
        style={
          Object {
            "width": "40%",
          }
        }
      >
        <button
          className="button-inline"
          onClick={[Function]}
          type="button"
        >
          Title
        </button>
      </span>
      <span
        style={
          Object {
            "width": "30%",
          }
        }
      >
        <button
          className="button-inline"
          onClick={[Function]}
          type="button"
        >
          Author
        </button>
      </span>
      <span
        style={
          Object {
            "width": "10%",
          }
        }
      >
        <button
          className="button-inline"
          onClick={[Function]}
          type="button"
        >
          Comments
        </button>
      </span>
      <span
        style={
          Object {
            "width": "10%",
          }
        }
      >
        <button
          className="button-inline"
          onClick={[Function]}
          type="button"
        >
          Points
        </button>
      </span>
      <span
        style={
          Object {
            "width": "10%",
          }
        }
      >
        Archive
      </span>
    </div>
  </div>
  <div
    className="interactions"
  >
    <div>
      <span
        aria-hidden={true}
        className="fa fa-rocket fa-2x fa-spin super-crazy-colors"
        style={
          Object {
            "textShadow": "0 1px 0 rgba(0, 0, 0, 0.1)",
          }
        }
      />
      Loading
    </div>
  </div>
</div>
`;
